// Jest Snapshot v1, https://goo.gl/fbAQLP

exports[`<RecorderPanel> should renders with the passed props 1`] = `[Function]`;
