// Jest Snapshot v1, https://goo.gl/fbAQLP

exports[`<TodoList> should return a todo 1`] = `[Function]`;
